01-26 10:10:52.954 26691 26715 I TestRunner: started: test_drinking_juice_proceeds_to_restart_state(com.example.lemonade.LemonadeTests)
01-26 10:10:52.961 26691 26715 W Settings: Setting always_finish_activities has moved from android.provider.Settings.System to android.provider.Settings.Global, returning read-only value.
01-26 10:10:52.968   520   538 D EventSequenceValidator: inc AccIntentStartedEvents to 3
01-26 10:10:52.987   520   837 W InputReader: Device virtio_input_multi_touch_9 is associated with display ADISPLAY_ID_NONE.
01-26 10:10:52.987   520   837 W InputReader: Device virtio_input_multi_touch_10 is associated with display ADISPLAY_ID_NONE.
01-26 10:10:52.987   520   837 W InputReader: Device virtio_input_multi_touch_4 is associated with display ADISPLAY_ID_NONE.
01-26 10:10:52.987   520   837 W InputReader: Device virtio_input_multi_touch_11 is associated with display ADISPLAY_ID_NONE.
01-26 10:10:52.987   520   837 W InputReader: Device virtio_input_multi_touch_5 is associated with display ADISPLAY_ID_NONE.
01-26 10:10:52.988   520   837 W InputReader: Device virtio_input_multi_touch_2 is associated with display ADISPLAY_ID_NONE.
01-26 10:10:52.988   520   837 W InputReader: Device virtio_input_multi_touch_7 is associated with display ADISPLAY_ID_NONE.
01-26 10:10:52.988   520   837 W InputReader: Device virtio_input_multi_touch_6 is associated with display ADISPLAY_ID_NONE.
01-26 10:10:52.988   520   837 W InputReader: Device virtio_input_multi_touch_3 is associated with display ADISPLAY_ID_NONE.
01-26 10:10:52.988   520   837 W InputReader: Device virtio_input_multi_touch_8 is associated with display ADISPLAY_ID_NONE.
01-26 10:10:52.988   520   837 W InputReader: Device virtio_input_multi_touch_9 is associated with display ADISPLAY_ID_NONE.
01-26 10:10:52.988   520   837 W InputReader: Device virtio_input_multi_touch_10 is associated with display ADISPLAY_ID_NONE.
01-26 10:10:52.988   520   837 W InputReader: Device virtio_input_multi_touch_4 is associated with display ADISPLAY_ID_NONE.
01-26 10:10:52.988   520   837 W InputReader: Device virtio_input_multi_touch_11 is associated with display ADISPLAY_ID_NONE.
01-26 10:10:52.988   520   837 W InputReader: Device virtio_input_multi_touch_5 is associated with display ADISPLAY_ID_NONE.
01-26 10:10:52.988   520   837 W InputReader: Device virtio_input_multi_touch_2 is associated with display ADISPLAY_ID_NONE.
01-26 10:10:52.988   520   837 W InputReader: Device virtio_input_multi_touch_7 is associated with display ADISPLAY_ID_NONE.
01-26 10:10:52.988   520   837 W InputReader: Device virtio_input_multi_touch_6 is associated with display ADISPLAY_ID_NONE.
01-26 10:10:52.988   520   837 W InputReader: Device virtio_input_multi_touch_3 is associated with display ADISPLAY_ID_NONE.
01-26 10:10:52.989   520   837 W InputReader: Device virtio_input_multi_touch_8 is associated with display ADISPLAY_ID_NONE.
01-26 10:10:53.012   312  1442 D goldfish-address-space: claimShared: Ask to claim region [0x3ed209000 0x3edb6e000]
01-26 10:10:53.057   520  1419 W InputReader: Device virtio_input_multi_touch_9 is associated with display ADISPLAY_ID_NONE.
01-26 10:10:53.057   520  1419 W InputReader: Device virtio_input_multi_touch_10 is associated with display ADISPLAY_ID_NONE.
01-26 10:10:53.057   520  1419 W InputReader: Device virtio_input_multi_touch_4 is associated with display ADISPLAY_ID_NONE.
01-26 10:10:53.057   520  1419 W InputReader: Device virtio_input_multi_touch_11 is associated with display ADISPLAY_ID_NONE.
01-26 10:10:53.057   520  1419 W InputReader: Device virtio_input_multi_touch_5 is associated with display ADISPLAY_ID_NONE.
01-26 10:10:53.058   520  1419 W InputReader: Device virtio_input_multi_touch_2 is associated with display ADISPLAY_ID_NONE.
01-26 10:10:53.058   520  1419 W InputReader: Device virtio_input_multi_touch_7 is associated with display ADISPLAY_ID_NONE.
01-26 10:10:53.058   520  1419 W InputReader: Device virtio_input_multi_touch_6 is associated with display ADISPLAY_ID_NONE.
01-26 10:10:53.058   520  1419 W InputReader: Device virtio_input_multi_touch_3 is associated with display ADISPLAY_ID_NONE.
01-26 10:10:53.058   520  1419 W InputReader: Device virtio_input_multi_touch_8 is associated with display ADISPLAY_ID_NONE.
01-26 10:10:53.058   520  1419 W InputReader: Device virtio_input_multi_touch_9 is associated with display ADISPLAY_ID_NONE.
01-26 10:10:53.058   520  1419 W InputReader: Device virtio_input_multi_touch_10 is associated with display ADISPLAY_ID_NONE.
01-26 10:10:53.058   520  1419 W InputReader: Device virtio_input_multi_touch_4 is associated with display ADISPLAY_ID_NONE.
01-26 10:10:53.058   520  1419 W InputReader: Device virtio_input_multi_touch_11 is associated with display ADISPLAY_ID_NONE.
01-26 10:10:53.058   520  1419 W InputReader: Device virtio_input_multi_touch_5 is associated with display ADISPLAY_ID_NONE.
01-26 10:10:53.058   520  1419 W InputReader: Device virtio_input_multi_touch_2 is associated with display ADISPLAY_ID_NONE.
01-26 10:10:53.058   520  1419 W InputReader: Device virtio_input_multi_touch_7 is associated with display ADISPLAY_ID_NONE.
01-26 10:10:53.058   520  1419 W InputReader: Device virtio_input_multi_touch_6 is associated with display ADISPLAY_ID_NONE.
01-26 10:10:53.058   520  1419 W InputReader: Device virtio_input_multi_touch_3 is associated with display ADISPLAY_ID_NONE.
01-26 10:10:53.058   520  1419 W InputReader: Device virtio_input_multi_touch_8 is associated with display ADISPLAY_ID_NONE.
01-26 10:10:53.075 26691 26691 D LifecycleMonitor: Lifecycle status change: com.example.lemonade.MainActivity@41a2ee6 in: PRE_ON_CREATE
01-26 10:10:53.076 26691 26691 V ActivityScenario: Activity lifecycle changed event received but ignored because the reported transition was not ON_CREATE while the last known transition was DESTROYED
01-26 10:10:53.076 26691 26691 V ActivityScenario: Activity lifecycle changed event received but ignored because the reported transition was not ON_CREATE while the last known transition was DESTROYED
01-26 10:10:53.076 26691 26691 V ActivityScenario: Activity lifecycle changed event received but ignored because the reported transition was not ON_CREATE while the last known transition was PRE_ON_CREATE
01-26 10:10:53.114 26691 26691 D LifecycleMonitor: Lifecycle status change: com.example.lemonade.MainActivity@41a2ee6 in: CREATED
01-26 10:10:53.114 26691 26691 V ActivityScenario: Update currentActivityStage to CREATED, currentActivity=com.example.lemonade.MainActivity@41a2ee6
01-26 10:10:53.114 26691 26691 I chatty  : uid=10158(com.example.lemonade) identical 1 line
01-26 10:10:53.114 26691 26691 V ActivityScenario: Update currentActivityStage to CREATED, currentActivity=com.example.lemonade.MainActivity@41a2ee6
01-26 10:10:53.117 26691 26691 D LifecycleMonitor: Lifecycle status change: com.example.lemonade.MainActivity@41a2ee6 in: STARTED
01-26 10:10:53.118   312  1442 D goldfish-address-space: claimShared: Ask to claim region [0x3f0000000 0x3f0965000]
01-26 10:10:53.118 26691 26691 V ActivityScenario: Update currentActivityStage to STARTED, currentActivity=com.example.lemonade.MainActivity@41a2ee6
01-26 10:10:53.118 26691 26691 I chatty  : uid=10158(com.example.lemonade) identical 1 line
01-26 10:10:53.118 26691 26691 V ActivityScenario: Update currentActivityStage to STARTED, currentActivity=com.example.lemonade.MainActivity@41a2ee6
01-26 10:10:53.119 26691 26691 D LifecycleMonitor: Lifecycle status change: com.example.lemonade.MainActivity@41a2ee6 in: RESUMED
01-26 10:10:53.119 26691 26691 V ActivityScenario: Update currentActivityStage to RESUMED, currentActivity=com.example.lemonade.MainActivity@41a2ee6
01-26 10:10:53.119 26691 26691 I chatty  : uid=10158(com.example.lemonade) identical 1 line
01-26 10:10:53.119 26691 26691 V ActivityScenario: Update currentActivityStage to RESUMED, currentActivity=com.example.lemonade.MainActivity@41a2ee6
01-26 10:10:53.153   312  1442 D goldfish-address-space: claimShared: Ask to claim region [0x3f1c2f000 0x3f2594000]
01-26 10:10:53.161   312  1442 D goldfish-address-space: claimShared: Ask to claim region [0x3f2b97000 0x3f34fc000]
01-26 10:10:53.164   312  1442 D goldfish-address-space: claimShared: Ask to claim region [0x3f4000000 0x3f4965000]
01-26 10:10:53.178 26691 26691 D RootViewPicker: Root not ready - waiting: 10ms for one to appear.
01-26 10:10:53.191 26691 26691 D RootViewPicker: Root not ready - waiting: 25ms for one to appear.
01-26 10:10:53.200  1655 25125 I PBSessionCacheImpl: (REDACTED) Deleted sessionId[%d] from persistence.
01-26 10:10:53.219 26691 26691 D RootViewPicker: Root not ready - waiting: 50ms for one to appear.
01-26 10:10:53.220   520   545 D ArtManagerInternalImpl: /data/misc/iorapd/com.example.lemonade/1/com.example.lemonade.MainActivity/compiled_traces/compiled_trace.pb doesn't exist
01-26 10:10:53.222   520   545 I ActivityTaskManager: Displayed com.example.lemonade/.MainActivity: +251ms
01-26 10:10:53.225   520   538 D EventSequenceValidator: dec AccIntentStartedEvents to 2
01-26 10:10:53.226  1655  1914 W SearchServiceCore: Abort, client detached.
01-26 10:10:53.273 26691 26691 I ViewInteraction: Performing 'single click' action on view view.getId() is <2131230939/com.example.lemonade:id/image_lemon_state>
01-26 10:10:53.275  1234  1234 I GoogleInputMethodService: GoogleInputMethodService.onFinishInput():3227
01-26 10:10:53.280  1234  1234 I GoogleInputMethodService: GoogleInputMethodService.updateDeviceLockedStatus():2087 repeatCheckTimes = 0, unlocked = true
01-26 10:10:53.280  1234  1234 I GoogleInputMethodService: GoogleInputMethodService.onStartInput():1877 onStartInput(EditorInfo{inputType=0x0(NULL) imeOptions=0x0 privateImeOptions=null actionName=UNSPECIFIED actionLabel=null actionId=0 initialSelStart=-1 initialSelEnd=-1 initialCapsMode=0x0 hintText=null label=null packageName=com.example.lemonade fieldId=-1 fieldName=null extras=null}, false)
01-26 10:10:53.280  1234  1234 I GoogleInputMethodService: GoogleInputMethodService.shouldHideHeaderOnInitialState():4008 ShouldHideHeaderOnInitialState = false
01-26 10:10:53.282  1234  1234 I GoogleInputMethodService: GoogleInputMethodService.updateDeviceLockedStatus():2087 repeatCheckTimes = 2, unlocked = true
01-26 10:10:53.330   520   529 I system_server: NativeAlloc concurrent copying GC freed 301937(14MB) AllocSpace objects, 37(2044KB) LOS objects, 49% free, 18MB/37MB, paused 678us total 152.157ms
01-26 10:10:53.336   520   531 W System  : A resource failed to call release.
01-26 10:10:53.336   520   531 W System  : A resource failed to call dispose.
01-26 10:10:53.336   520   531 W System  : A resource failed to call release.
01-26 10:10:53.339   520   531 W System  : A resource failed to call dispose.
01-26 10:10:53.340   520   531 W System  : A resource failed to call release.
01-26 10:10:53.340   520   531 I chatty  : uid=1000(system) FinalizerDaemon identical 1 line
01-26 10:10:53.340   520   531 W System  : A resource failed to call release.
01-26 10:10:53.341   520   531 W System  : A resource failed to call dispose.
01-26 10:10:53.341   520   531 W System  : A resource failed to call release.
01-26 10:10:53.341   520   531 W System  : A resource failed to call dispose.
01-26 10:10:53.343   520  1419 I system_server: oneway function results will be dropped but finished with status OK and parcel size 4
01-26 10:10:53.475   520  1419 I system_server: oneway function results will be dropped but finished with status OK and parcel size 4
01-26 10:10:53.554 26691 26691 I ViewInteraction: Checking 'MatchesViewAssertion{viewMatcher=(view has effective visibility <VISIBLE> and view.getGlobalVisibleRect() to return non-empty rectangle)}' assertion on view has drawable resource 2131165325
01-26 10:10:53.561 26691 26691 I ViewInteraction: Performing 'single click' action on view view.getId() is <2131230939/com.example.lemonade:id/image_lemon_state>
01-26 10:10:53.609   520  1419 I system_server: oneway function results will be dropped but finished with status OK and parcel size 4
01-26 10:10:53.749   520  1419 I system_server: oneway function results will be dropped but finished with status OK and parcel size 4
01-26 10:10:53.848 26691 26691 I ViewInteraction: Checking 'MatchesViewAssertion{viewMatcher=(view has effective visibility <VISIBLE> and view.getGlobalVisibleRect() to return non-empty rectangle)}' assertion on view has drawable resource 2131165325
01-26 10:10:53.851 26691 26691 I ViewInteraction: Performing 'single click' action on view view.getId() is <2131230939/com.example.lemonade:id/image_lemon_state>
01-26 10:10:53.898   520   837 I system_server: oneway function results will be dropped but finished with status OK and parcel size 4
01-26 10:10:53.995 26782 26782 W ls      : type=1400 audit(0.0:631390): avc: denied { getattr } for path="/init.environ.rc" dev="dm-4" ino=26 scontext=u:r:shell:s0 tcontext=u:object_r:rootfs:s0 tclass=file permissive=0
01-26 10:10:54.028   520   837 I system_server: oneway function results will be dropped but finished with status OK and parcel size 4
01-26 10:10:53.995 26783 26783 W ls      : type=1400 audit(0.0:631394): avc: denied { getattr } for path="/metadata" dev="vdd1" ino=2 scontext=u:r:shell:s0 tcontext=u:object_r:metadata_file:s0 tclass=dir permissive=0
01-26 10:10:54.143 26691 26691 I ViewInteraction: Checking 'MatchesViewAssertion{viewMatcher=(view has effective visibility <VISIBLE> and view.getGlobalVisibleRect() to return non-empty rectangle)}' assertion on view has drawable resource 2131165325
01-26 10:10:54.146 26691 26691 I ViewInteraction: Performing 'single click' action on view view.getId() is <2131230939/com.example.lemonade:id/image_lemon_state>
01-26 10:10:54.204   520   534 I system_server: oneway function results will be dropped but finished with status OK and parcel size 4
01-26 10:10:54.341   520   534 I system_server: oneway function results will be dropped but finished with status OK and parcel size 4
01-26 10:10:54.446 26691 26691 I ViewInteraction: Checking 'MatchesViewAssertion{viewMatcher=(view has effective visibility <VISIBLE> and view.getGlobalVisibleRect() to return non-empty rectangle)}' assertion on view has drawable resource 2131165325
01-26 10:10:54.446 26691 26691 E ViewAssertions: '(view has effective visibility <VISIBLE> and view.getGlobalVisibleRect() to return non-empty rectangle)' check could not be performed because view 'has drawable resource 2131165325' was not found.
01-26 10:10:54.448 26691 26691 I ViewInteraction: Performing 'single click' action on view view.getId() is <2131230939/com.example.lemonade:id/image_lemon_state>
01-26 10:10:54.499   520  1419 I system_server: oneway function results will be dropped but finished with status OK and parcel size 4
01-26 10:10:54.627   520  1419 I system_server: oneway function results will be dropped but finished with status OK and parcel size 4
01-26 10:10:54.740 26691 26691 I ViewInteraction: Checking 'MatchesViewAssertion{viewMatcher=an instance of android.widget.TextView and view.getText() equals string from resource id: <2131689521>}' assertion on view view.getId() is <2131231150/com.example.lemonade:id/text_action>
01-26 10:10:54.746 26691 26691 I ViewInteraction: Checking 'MatchesViewAssertion{viewMatcher=has drawable resource 2131165324}' assertion on view view.getId() is <2131230939/com.example.lemonade:id/image_lemon_state>
01-26 10:10:54.751 26691 26715 I TestRunner: finished: test_drinking_juice_proceeds_to_restart_state(com.example.lemonade.LemonadeTests)
