01-26 10:10:58.887 26691 26715 I TestRunner: started: test_squeeze_count_snackbar_is_displayed(com.example.lemonade.LemonadeTests)
01-26 10:10:58.903 26691 26715 W Settings: Setting always_finish_activities has moved from android.provider.Settings.System to android.provider.Settings.Global, returning read-only value.
01-26 10:10:58.914   520   538 D EventSequenceValidator: inc AccIntentStartedEvents to 3
01-26 10:10:58.927   520   837 W InputReader: Device virtio_input_multi_touch_9 is associated with display ADISPLAY_ID_NONE.
01-26 10:10:58.928   520   837 W InputReader: Device virtio_input_multi_touch_10 is associated with display ADISPLAY_ID_NONE.
01-26 10:10:58.928   520   837 W InputReader: Device virtio_input_multi_touch_4 is associated with display ADISPLAY_ID_NONE.
01-26 10:10:58.928   520   837 W InputReader: Device virtio_input_multi_touch_11 is associated with display ADISPLAY_ID_NONE.
01-26 10:10:58.929   520   837 W InputReader: Device virtio_input_multi_touch_5 is associated with display ADISPLAY_ID_NONE.
01-26 10:10:58.929   520   837 W InputReader: Device virtio_input_multi_touch_2 is associated with display ADISPLAY_ID_NONE.
01-26 10:10:58.929   520   837 W InputReader: Device virtio_input_multi_touch_7 is associated with display ADISPLAY_ID_NONE.
01-26 10:10:58.929   520   837 W InputReader: Device virtio_input_multi_touch_6 is associated with display ADISPLAY_ID_NONE.
01-26 10:10:58.929   520   837 W InputReader: Device virtio_input_multi_touch_3 is associated with display ADISPLAY_ID_NONE.
01-26 10:10:58.929   520   837 W InputReader: Device virtio_input_multi_touch_8 is associated with display ADISPLAY_ID_NONE.
01-26 10:10:58.929   520   837 W InputReader: Device virtio_input_multi_touch_9 is associated with display ADISPLAY_ID_NONE.
01-26 10:10:58.929   520   837 W InputReader: Device virtio_input_multi_touch_10 is associated with display ADISPLAY_ID_NONE.
01-26 10:10:58.929   520   837 W InputReader: Device virtio_input_multi_touch_4 is associated with display ADISPLAY_ID_NONE.
01-26 10:10:58.929   520   837 W InputReader: Device virtio_input_multi_touch_11 is associated with display ADISPLAY_ID_NONE.
01-26 10:10:58.929   520   837 W InputReader: Device virtio_input_multi_touch_5 is associated with display ADISPLAY_ID_NONE.
01-26 10:10:58.929   520   837 W InputReader: Device virtio_input_multi_touch_2 is associated with display ADISPLAY_ID_NONE.
01-26 10:10:58.929   520   837 W InputReader: Device virtio_input_multi_touch_7 is associated with display ADISPLAY_ID_NONE.
01-26 10:10:58.929   520   837 W InputReader: Device virtio_input_multi_touch_6 is associated with display ADISPLAY_ID_NONE.
01-26 10:10:58.929   520   837 W InputReader: Device virtio_input_multi_touch_3 is associated with display ADISPLAY_ID_NONE.
01-26 10:10:58.929   520   837 W InputReader: Device virtio_input_multi_touch_8 is associated with display ADISPLAY_ID_NONE.
01-26 10:10:58.946   312   347 D goldfish-address-space: claimShared: Ask to claim region [0x3f2b97000 0x3f34fc000]
01-26 10:10:58.990   520   837 W InputReader: Device virtio_input_multi_touch_9 is associated with display ADISPLAY_ID_NONE.
01-26 10:10:58.990   520   837 W InputReader: Device virtio_input_multi_touch_10 is associated with display ADISPLAY_ID_NONE.
01-26 10:10:58.990   520   837 W InputReader: Device virtio_input_multi_touch_4 is associated with display ADISPLAY_ID_NONE.
01-26 10:10:58.990   520   837 W InputReader: Device virtio_input_multi_touch_11 is associated with display ADISPLAY_ID_NONE.
01-26 10:10:58.990   520   837 W InputReader: Device virtio_input_multi_touch_5 is associated with display ADISPLAY_ID_NONE.
01-26 10:10:58.990   520   837 W InputReader: Device virtio_input_multi_touch_2 is associated with display ADISPLAY_ID_NONE.
01-26 10:10:58.990   520   837 W InputReader: Device virtio_input_multi_touch_7 is associated with display ADISPLAY_ID_NONE.
01-26 10:10:58.990   520   837 W InputReader: Device virtio_input_multi_touch_6 is associated with display ADISPLAY_ID_NONE.
01-26 10:10:58.990   520   837 W InputReader: Device virtio_input_multi_touch_3 is associated with display ADISPLAY_ID_NONE.
01-26 10:10:58.990   520   837 W InputReader: Device virtio_input_multi_touch_8 is associated with display ADISPLAY_ID_NONE.
01-26 10:10:58.990   520   837 W InputReader: Device virtio_input_multi_touch_9 is associated with display ADISPLAY_ID_NONE.
01-26 10:10:58.990   520   837 W InputReader: Device virtio_input_multi_touch_10 is associated with display ADISPLAY_ID_NONE.
01-26 10:10:58.990   520   837 W InputReader: Device virtio_input_multi_touch_4 is associated with display ADISPLAY_ID_NONE.
01-26 10:10:58.990   520   837 W InputReader: Device virtio_input_multi_touch_11 is associated with display ADISPLAY_ID_NONE.
01-26 10:10:58.990   520   837 W InputReader: Device virtio_input_multi_touch_5 is associated with display ADISPLAY_ID_NONE.
01-26 10:10:58.991   520   837 W InputReader: Device virtio_input_multi_touch_2 is associated with display ADISPLAY_ID_NONE.
01-26 10:10:58.991   520   837 W InputReader: Device virtio_input_multi_touch_7 is associated with display ADISPLAY_ID_NONE.
01-26 10:10:58.991   520   837 W InputReader: Device virtio_input_multi_touch_6 is associated with display ADISPLAY_ID_NONE.
01-26 10:10:58.991   520   837 W InputReader: Device virtio_input_multi_touch_3 is associated with display ADISPLAY_ID_NONE.
01-26 10:10:58.991   520   837 W InputReader: Device virtio_input_multi_touch_8 is associated with display ADISPLAY_ID_NONE.
01-26 10:10:59.000 26691 26691 D LifecycleMonitor: Lifecycle status change: com.example.lemonade.MainActivity@b90a7a1 in: PRE_ON_CREATE
01-26 10:10:59.000 26691 26691 V ActivityScenario: Activity lifecycle changed event received but ignored because the reported transition was not ON_CREATE while the last known transition was DESTROYED
01-26 10:10:59.000 26691 26691 I chatty  : uid=10158(com.example.lemonade) identical 2 lines
01-26 10:10:59.000 26691 26691 V ActivityScenario: Activity lifecycle changed event received but ignored because the reported transition was not ON_CREATE while the last known transition was DESTROYED
01-26 10:10:59.001 26691 26691 V ActivityScenario: Activity lifecycle changed event received but ignored because the reported transition was not ON_CREATE while the last known transition was PRE_ON_CREATE
01-26 10:10:59.047 26691 26691 D LifecycleMonitor: Lifecycle status change: com.example.lemonade.MainActivity@b90a7a1 in: CREATED
01-26 10:10:59.047 26691 26691 V ActivityScenario: Update currentActivityStage to CREATED, currentActivity=com.example.lemonade.MainActivity@b90a7a1
01-26 10:10:59.048 26691 26691 I chatty  : uid=10158(com.example.lemonade) identical 3 lines
01-26 10:10:59.048 26691 26691 V ActivityScenario: Update currentActivityStage to CREATED, currentActivity=com.example.lemonade.MainActivity@b90a7a1
01-26 10:10:59.053   312   347 D goldfish-address-space: claimShared: Ask to claim region [0x3f0603000 0x3f0f68000]
01-26 10:10:59.056 26691 26691 D LifecycleMonitor: Lifecycle status change: com.example.lemonade.MainActivity@b90a7a1 in: STARTED
01-26 10:10:59.056 26691 26691 V ActivityScenario: Update currentActivityStage to STARTED, currentActivity=com.example.lemonade.MainActivity@b90a7a1
01-26 10:10:59.057 26691 26691 I chatty  : uid=10158(com.example.lemonade) identical 3 lines
01-26 10:10:59.057 26691 26691 V ActivityScenario: Update currentActivityStage to STARTED, currentActivity=com.example.lemonade.MainActivity@b90a7a1
01-26 10:10:59.058 26691 26691 D LifecycleMonitor: Lifecycle status change: com.example.lemonade.MainActivity@b90a7a1 in: RESUMED
01-26 10:10:59.058 26691 26691 V ActivityScenario: Update currentActivityStage to RESUMED, currentActivity=com.example.lemonade.MainActivity@b90a7a1
01-26 10:10:59.058 26691 26691 I chatty  : uid=10158(com.example.lemonade) identical 3 lines
01-26 10:10:59.058 26691 26691 V ActivityScenario: Update currentActivityStage to RESUMED, currentActivity=com.example.lemonade.MainActivity@b90a7a1
01-26 10:10:59.086   312   347 D goldfish-address-space: claimShared: Ask to claim region [0x3f0f68000 0x3f18cd000]
01-26 10:10:59.091   312   347 D goldfish-address-space: claimShared: Ask to claim region [0x3f6594000 0x3f6ef9000]
01-26 10:10:59.093   312   347 D goldfish-address-space: claimShared: Ask to claim region [0x3f6ef9000 0x3f785e000]
01-26 10:10:59.112 26691 26691 D RootViewPicker: Root not ready - waiting: 10ms for one to appear.
01-26 10:10:59.127 26691 26691 D RootViewPicker: Root not ready - waiting: 25ms for one to appear.
01-26 10:10:59.132   520   545 D ArtManagerInternalImpl: /data/misc/iorapd/com.example.lemonade/1/com.example.lemonade.MainActivity/compiled_traces/compiled_trace.pb doesn't exist
01-26 10:10:59.132  1655 26298 I PBSessionCacheImpl: (REDACTED) Deleted sessionId[%d] from persistence.
01-26 10:10:59.133   520   545 I ActivityTaskManager: Displayed com.example.lemonade/.MainActivity: +218ms
01-26 10:10:59.134   520   538 D EventSequenceValidator: dec AccIntentStartedEvents to 2
01-26 10:10:59.156 26691 26691 I ViewInteraction: Performing 'single click' action on view view.getId() is <2131230939/com.example.lemonade:id/image_lemon_state>
01-26 10:10:59.163  1234  1234 I GoogleInputMethodService: GoogleInputMethodService.onFinishInput():3227
01-26 10:10:59.165  1655  1914 W SearchServiceCore: Abort, client detached.
01-26 10:10:59.165  1234  1234 I GoogleInputMethodService: GoogleInputMethodService.updateDeviceLockedStatus():2087 repeatCheckTimes = 0, unlocked = true
01-26 10:10:59.165  1234  1234 I GoogleInputMethodService: GoogleInputMethodService.onStartInput():1877 onStartInput(EditorInfo{inputType=0x0(NULL) imeOptions=0x0 privateImeOptions=null actionName=UNSPECIFIED actionLabel=null actionId=0 initialSelStart=-1 initialSelEnd=-1 initialCapsMode=0x0 hintText=null label=null packageName=com.example.lemonade fieldId=-1 fieldName=null extras=null}, false)
01-26 10:10:59.165  1234  1234 I GoogleInputMethodService: GoogleInputMethodService.shouldHideHeaderOnInitialState():4008 ShouldHideHeaderOnInitialState = false
01-26 10:10:59.166  1234  1234 I GoogleInputMethodService: GoogleInputMethodService.updateDeviceLockedStatus():2087 repeatCheckTimes = 2, unlocked = true
01-26 10:10:59.214   520   866 I system_server: oneway function results will be dropped but finished with status OK and parcel size 4
01-26 10:10:59.342   520   866 I system_server: oneway function results will be dropped but finished with status OK and parcel size 4
01-26 10:10:59.436 26691 26691 I ViewInteraction: Performing 'single click' action on view view.getId() is <2131230939/com.example.lemonade:id/image_lemon_state>
01-26 10:10:59.494   520  5864 I system_server: oneway function results will be dropped but finished with status OK and parcel size 4
01-26 10:10:59.614  7329  7329 D BoundBrokerSvc: onUnbind: Intent { act=com.google.android.gms.feedback.internal.IFeedbackService dat=chimera-action:com.google.android.gms.feedback.internal.IFeedbackService cmp=com.google.android.gms/.chimera.GmsBoundBrokerService }
01-26 10:10:59.626   520  5864 I system_server: oneway function results will be dropped but finished with status OK and parcel size 4
01-26 10:10:59.711 26691 26691 I ViewInteraction: Performing 'long click' action on view view.getId() is <2131230939/com.example.lemonade:id/image_lemon_state>
01-26 10:11:00.121  1655  1670 W earchbox:searc: Reducing the number of considered missed Gc histogram windows from 541 to 100
01-26 10:11:00.176   363   363 I android.hardware.vibrator-service.example: Vibrator reporting capabilities
01-26 10:11:00.178   363   363 I android.hardware.vibrator-service.example: Vibrator off
01-26 10:11:00.179   363   363 I android.hardware.vibrator-service.example: Vibrator perform
01-26 10:11:00.179   520   837 E VibratorService: Failed to issue command to vibrator HAL. Retrying.
01-26 10:11:00.180   177   177 I servicemanager: Found android.hardware.vibrator.IVibrator/default in device VINTF manifest.
01-26 10:11:00.180   363   363 I android.hardware.vibrator-service.example: Vibrator perform
01-26 10:11:00.181   520   837 E VibratorService: Failed to issue command to vibrator HAL. Retrying.
01-26 10:11:00.181   177   177 I servicemanager: Found android.hardware.vibrator.IVibrator/default in device VINTF manifest.
01-26 10:11:00.183   363   363 I android.hardware.vibrator-service.example: Vibrator on for timeoutMs: 1
01-26 10:11:00.183   363   363 I android.hardware.vibrator-service.example: Vibrator set amplitude: 1
01-26 10:11:00.206   363   363 I android.hardware.vibrator-service.example: Vibrator on for timeoutMs: 21
01-26 10:11:00.209   363   363 I android.hardware.vibrator-service.example: Vibrator set amplitude: 1
01-26 10:11:00.234   363   363 I android.hardware.vibrator-service.example: Vibrator off

