01-26 10:10:51.197 26691 26715 I TestRunner: started: test_picking_lemon_proceeds_to_squeeze_state(com.example.lemonade.LemonadeTests)
01-26 10:10:51.211 26691 26715 W Settings: Setting always_finish_activities has moved from android.provider.Settings.System to android.provider.Settings.Global, returning read-only value.
01-26 10:10:51.225   520   538 D EventSequenceValidator: inc AccIntentStartedEvents to 3
01-26 10:10:51.239   520   837 W InputReader: Device virtio_input_multi_touch_9 is associated with display ADISPLAY_ID_NONE.
01-26 10:10:51.239   520   837 W InputReader: Device virtio_input_multi_touch_10 is associated with display ADISPLAY_ID_NONE.
01-26 10:10:51.239   520   837 W InputReader: Device virtio_input_multi_touch_4 is associated with display ADISPLAY_ID_NONE.
01-26 10:10:51.239   520   837 W InputReader: Device virtio_input_multi_touch_11 is associated with display ADISPLAY_ID_NONE.
01-26 10:10:51.239   520   837 W InputReader: Device virtio_input_multi_touch_5 is associated with display ADISPLAY_ID_NONE.
01-26 10:10:51.239   520   837 W InputReader: Device virtio_input_multi_touch_2 is associated with display ADISPLAY_ID_NONE.
01-26 10:10:51.239   520   837 W InputReader: Device virtio_input_multi_touch_7 is associated with display ADISPLAY_ID_NONE.
01-26 10:10:51.239   520   837 W InputReader: Device virtio_input_multi_touch_6 is associated with display ADISPLAY_ID_NONE.
01-26 10:10:51.239   520   837 W InputReader: Device virtio_input_multi_touch_3 is associated with display ADISPLAY_ID_NONE.
01-26 10:10:51.239   520   837 W InputReader: Device virtio_input_multi_touch_8 is associated with display ADISPLAY_ID_NONE.
01-26 10:10:51.240   520   837 W InputReader: Device virtio_input_multi_touch_9 is associated with display ADISPLAY_ID_NONE.
01-26 10:10:51.240   520   837 W InputReader: Device virtio_input_multi_touch_10 is associated with display ADISPLAY_ID_NONE.
01-26 10:10:51.240   520   837 W InputReader: Device virtio_input_multi_touch_4 is associated with display ADISPLAY_ID_NONE.
01-26 10:10:51.240   520   837 W InputReader: Device virtio_input_multi_touch_11 is associated with display ADISPLAY_ID_NONE.
01-26 10:10:51.240   520   837 W InputReader: Device virtio_input_multi_touch_5 is associated with display ADISPLAY_ID_NONE.
01-26 10:10:51.240   520   837 W InputReader: Device virtio_input_multi_touch_2 is associated with display ADISPLAY_ID_NONE.
01-26 10:10:51.240   520   837 W InputReader: Device virtio_input_multi_touch_7 is associated with display ADISPLAY_ID_NONE.
01-26 10:10:51.240   520   837 W InputReader: Device virtio_input_multi_touch_6 is associated with display ADISPLAY_ID_NONE.
01-26 10:10:51.240   520   837 W InputReader: Device virtio_input_multi_touch_3 is associated with display ADISPLAY_ID_NONE.
01-26 10:10:51.240   520   837 W InputReader: Device virtio_input_multi_touch_8 is associated with display ADISPLAY_ID_NONE.
01-26 10:10:51.261   312   347 D goldfish-address-space: claimShared: Ask to claim region [0x3ee4d3000 0x3eee38000]
01-26 10:10:51.313   520   837 W InputReader: Device virtio_input_multi_touch_9 is associated with display ADISPLAY_ID_NONE.
01-26 10:10:51.313   520   837 W InputReader: Device virtio_input_multi_touch_10 is associated with display ADISPLAY_ID_NONE.
01-26 10:10:51.313   520   837 W InputReader: Device virtio_input_multi_touch_4 is associated with display ADISPLAY_ID_NONE.
01-26 10:10:51.313   520   837 W InputReader: Device virtio_input_multi_touch_11 is associated with display ADISPLAY_ID_NONE.
01-26 10:10:51.313   520   837 W InputReader: Device virtio_input_multi_touch_5 is associated with display ADISPLAY_ID_NONE.
01-26 10:10:51.313   520   837 W InputReader: Device virtio_input_multi_touch_2 is associated with display ADISPLAY_ID_NONE.
01-26 10:10:51.313   520   837 W InputReader: Device virtio_input_multi_touch_7 is associated with display ADISPLAY_ID_NONE.
01-26 10:10:51.313   520   837 W InputReader: Device virtio_input_multi_touch_6 is associated with display ADISPLAY_ID_NONE.
01-26 10:10:51.313   520   837 W InputReader: Device virtio_input_multi_touch_3 is associated with display ADISPLAY_ID_NONE.
01-26 10:10:51.313   520   837 W InputReader: Device virtio_input_multi_touch_8 is associated with display ADISPLAY_ID_NONE.
01-26 10:10:51.313   520   837 W InputReader: Device virtio_input_multi_touch_9 is associated with display ADISPLAY_ID_NONE.
01-26 10:10:51.314   520   837 W InputReader: Device virtio_input_multi_touch_10 is associated with display ADISPLAY_ID_NONE.
01-26 10:10:51.314   520   837 W InputReader: Device virtio_input_multi_touch_4 is associated with display ADISPLAY_ID_NONE.
01-26 10:10:51.314   520   837 W InputReader: Device virtio_input_multi_touch_11 is associated with display ADISPLAY_ID_NONE.
01-26 10:10:51.314   520   837 W InputReader: Device virtio_input_multi_touch_5 is associated with display ADISPLAY_ID_NONE.
01-26 10:10:51.314   520   837 W InputReader: Device virtio_input_multi_touch_2 is associated with display ADISPLAY_ID_NONE.
01-26 10:10:51.314   520   837 W InputReader: Device virtio_input_multi_touch_7 is associated with display ADISPLAY_ID_NONE.
01-26 10:10:51.314   520   837 W InputReader: Device virtio_input_multi_touch_6 is associated with display ADISPLAY_ID_NONE.
01-26 10:10:51.314   520   837 W InputReader: Device virtio_input_multi_touch_3 is associated with display ADISPLAY_ID_NONE.
01-26 10:10:51.314   520   837 W InputReader: Device virtio_input_multi_touch_8 is associated with display ADISPLAY_ID_NONE.
01-26 10:10:51.324 26691 26691 D LifecycleMonitor: Lifecycle status change: com.example.lemonade.MainActivity@3135075 in: PRE_ON_CREATE
01-26 10:10:51.324 26691 26691 V ActivityScenario: Activity lifecycle changed event received but ignored because the reported transition was not ON_CREATE while the last known transition was DESTROYED
01-26 10:10:51.324 26691 26691 V ActivityScenario: Activity lifecycle changed event received but ignored because the reported transition was not ON_CREATE while the last known transition was PRE_ON_CREATE
01-26 10:10:51.341 26691 26691 D LifecycleMonitor: Lifecycle status change: com.example.lemonade.MainActivity@3135075 in: CREATED
01-26 10:10:51.341 26691 26691 V ActivityScenario: Update currentActivityStage to CREATED, currentActivity=com.example.lemonade.MainActivity@3135075
01-26 10:10:51.342 26691 26691 V ActivityScenario: Update currentActivityStage to CREATED, currentActivity=com.example.lemonade.MainActivity@3135075
01-26 10:10:51.344 26691 26691 D LifecycleMonitor: Lifecycle status change: com.example.lemonade.MainActivity@3135075 in: STARTED
01-26 10:10:51.344 26691 26691 V ActivityScenario: Update currentActivityStage to STARTED, currentActivity=com.example.lemonade.MainActivity@3135075
01-26 10:10:51.344 26691 26691 V ActivityScenario: Update currentActivityStage to STARTED, currentActivity=com.example.lemonade.MainActivity@3135075
01-26 10:10:51.345 26691 26691 D LifecycleMonitor: Lifecycle status change: com.example.lemonade.MainActivity@3135075 in: RESUMED
01-26 10:10:51.345 26691 26691 V ActivityScenario: Update currentActivityStage to RESUMED, currentActivity=com.example.lemonade.MainActivity@3135075
01-26 10:10:51.345 26691 26691 V ActivityScenario: Update currentActivityStage to RESUMED, currentActivity=com.example.lemonade.MainActivity@3135075
01-26 10:10:51.386   312   347 D goldfish-address-space: claimShared: Ask to claim region [0x3ed209000 0x3edb6e000]
01-26 10:10:51.393   312   347 D goldfish-address-space: claimShared: Ask to claim region [0x3f0000000 0x3f0965000]
01-26 10:10:51.396   312   347 D goldfish-address-space: claimShared: Ask to claim region [0x3f1c2f000 0x3f2594000]
01-26 10:10:51.402   312   347 D goldfish-address-space: claimShared: Ask to claim region [0x3f2594000 0x3f2ef9000]
01-26 10:10:51.415   520  6457 D HostConnection: HostConnection::get() New Host Connection established 0xb5a19ae0, tid 6457
01-26 10:10:51.421   520  6457 D HostConnection: HostComposition ext ANDROID_EMU_CHECKSUM_HELPER_v1 ANDROID_EMU_native_sync_v2 ANDROID_EMU_native_sync_v3 ANDROID_EMU_native_sync_v4 ANDROID_EMU_dma_v1 ANDROID_EMU_direct_mem ANDROID_EMU_vulkan ANDROID_EMU_deferred_vulkan_commands ANDROID_EMU_vulkan_null_optional_strings ANDROID_EMU_vulkan_create_resources_with_requirements ANDROID_EMU_YUV_Cache ANDROID_EMU_vulkan_ignored_handles ANDROID_EMU_has_shared_slots_host_memory_allocator ANDROID_EMU_vulkan_free_memory_sync ANDROID_EMU_vulkan_shader_float16_int8 ANDROID_EMU_vulkan_async_queue_submit ANDROID_EMU_sync_buffer_data ANDROID_EMU_vulkan_async_qsri ANDROID_EMU_read_color_buffer_dma GL_OES_vertex_array_object GL_KHR_texture_compression_astc_ldr ANDROID_EMU_host_side_tracing ANDROID_EMU_gles_max_version_2
01-26 10:10:51.424   520  6457 W OpenGLRenderer: Failed to choose config with EGL_SWAP_BEHAVIOR_PRESERVED, retrying without...
01-26 10:10:51.441   520  6457 D EGL_emulation: eglCreateContext: 0xb5a18b20: maj 2 min 0 rcv 2
01-26 10:10:51.443   520  6457 D EGL_emulation: eglMakeCurrent: 0xb5a18b20: ver 2 0 (tinfo 0xbb03f050) (first time)
01-26 10:10:51.460 26691 26691 D RootViewPicker: Root not ready - waiting: 10ms for one to appear.
01-26 10:10:51.472 26691 26691 D RootViewPicker: Root not ready - waiting: 25ms for one to appear.
01-26 10:10:51.476  1655 26298 I PBSessionCacheImpl: (REDACTED) Deleted sessionId[%d] from persistence.
01-26 10:10:51.478   520   545 D ArtManagerInternalImpl: /data/misc/iorapd/com.example.lemonade/1/com.example.lemonade.MainActivity/compiled_traces/compiled_trace.pb doesn't exist
01-26 10:10:51.480   520   545 I ActivityTaskManager: Displayed com.example.lemonade/.MainActivity: +253ms
01-26 10:10:51.480  1655  1914 W SearchServiceCore: Abort, client detached.
01-26 10:10:51.481   520   538 D EventSequenceValidator: dec AccIntentStartedEvents to 2
01-26 10:10:51.487   372   372 W SurfaceFlinger: couldn't log to binary event log: overflow.
01-26 10:10:51.501 26691 26691 D RootViewPicker: Root not ready - waiting: 50ms for one to appear.
01-26 10:10:51.553 26691 26691 D RootViewPicker: Root not ready - waiting: 100ms for one to appear.
01-26 10:10:51.563  1234  1234 I GoogleInputMethodService: GoogleInputMethodService.onFinishInput():3227
01-26 10:10:51.565  1234  1234 I GoogleInputMethodService: GoogleInputMethodService.updateDeviceLockedStatus():2087 repeatCheckTimes = 0, unlocked = true
01-26 10:10:51.565  1234  1234 I GoogleInputMethodService: GoogleInputMethodService.onStartInput():1877 onStartInput(EditorInfo{inputType=0x0(NULL) imeOptions=0x0 privateImeOptions=null actionName=UNSPECIFIED actionLabel=null actionId=0 initialSelStart=-1 initialSelEnd=-1 initialCapsMode=0x0 hintText=null label=null packageName=com.example.lemonade fieldId=-1 fieldName=null extras=null}, false)
01-26 10:10:51.565  1234  1234 I GoogleInputMethodService: GoogleInputMethodService.shouldHideHeaderOnInitialState():4008 ShouldHideHeaderOnInitialState = false
01-26 10:10:51.566  1234  1234 I GoogleInputMethodService: GoogleInputMethodService.updateDeviceLockedStatus():2087 repeatCheckTimes = 2, unlocked = true
01-26 10:10:51.660 26691 26691 I ViewInteraction: Performing 'single click' action on view view.getId() is <2131230939/com.example.lemonade:id/image_lemon_state>
01-26 10:10:51.728   520  3388 I system_server: oneway function results will be dropped but finished with status OK and parcel size 4
01-26 10:10:51.744   520  6457 D HostConnection: HostConnection::get() New Host Connection established 0xf11aae80, tid 6457
01-26 10:10:51.751   520  6457 D HostConnection: HostComposition ext ANDROID_EMU_CHECKSUM_HELPER_v1 ANDROID_EMU_native_sync_v2 ANDROID_EMU_native_sync_v3 ANDROID_EMU_native_sync_v4 ANDROID_EMU_dma_v1 ANDROID_EMU_direct_mem ANDROID_EMU_vulkan ANDROID_EMU_deferred_vulkan_commands ANDROID_EMU_vulkan_null_optional_strings ANDROID_EMU_vulkan_create_resources_with_requirements ANDROID_EMU_YUV_Cache ANDROID_EMU_vulkan_ignored_handles ANDROID_EMU_has_shared_slots_host_memory_allocator ANDROID_EMU_vulkan_free_memory_sync ANDROID_EMU_vulkan_shader_float16_int8 ANDROID_EMU_vulkan_async_queue_submit ANDROID_EMU_sync_buffer_data ANDROID_EMU_vulkan_async_qsri ANDROID_EMU_read_color_buffer_dma GL_OES_vertex_array_object GL_KHR_texture_compression_astc_ldr ANDROID_EMU_host_side_tracing ANDROID_EMU_gles_max_version_2
01-26 10:10:51.752   520  6457 W OpenGLRenderer: Failed to choose config with EGL_SWAP_BEHAVIOR_PRESERVED, retrying without...
01-26 10:10:51.778   520  6457 D EGL_emulation: eglCreateContext: 0xb5a19ae0: maj 2 min 0 rcv 2
01-26 10:10:51.780   520  6457 D EGL_emulation: eglMakeCurrent: 0xb5a19ae0: ver 2 0 (tinfo 0xbb03f050) (first time)
01-26 10:10:51.859   520  3388 I system_server: oneway function results will be dropped but finished with status OK and parcel size 4
01-26 10:10:51.962 26691 26691 I ViewInteraction: Checking 'MatchesViewAssertion{viewMatcher=an instance of android.widget.TextView and view.getText() equals string from resource id: <2131689523>}' assertion on view view.getId() is <2131231150/com.example.lemonade:id/text_action>
01-26 10:10:51.970 26691 26691 I ViewInteraction: Checking 'MatchesViewAssertion{viewMatcher=has drawable resource 2131165325}' assertion on view view.getId() is <2131230939/com.example.lemonade:id/image_lemon_state>
01-26 10:10:51.983 26691 26715 I TestRunner: finished: test_picking_lemon_proceeds_to_squeeze_state(com.example.lemonade.LemonadeTests)
