01-26 10:10:55.616 26691 26715 I TestRunner: started: test_restarting_proceeds_to_pick_lemon_state(com.example.lemonade.LemonadeTests)
01-26 10:10:55.637 26691 26715 W Settings: Setting always_finish_activities has moved from android.provider.Settings.System to android.provider.Settings.Global, returning read-only value.
01-26 10:10:55.653   520   538 D EventSequenceValidator: inc AccIntentStartedEvents to 3
01-26 10:10:55.671   520   837 W InputReader: Device virtio_input_multi_touch_9 is associated with display ADISPLAY_ID_NONE.
01-26 10:10:55.672   520   837 W InputReader: Device virtio_input_multi_touch_10 is associated with display ADISPLAY_ID_NONE.
01-26 10:10:55.672   520   837 W InputReader: Device virtio_input_multi_touch_4 is associated with display ADISPLAY_ID_NONE.
01-26 10:10:55.672   520   837 W InputReader: Device virtio_input_multi_touch_11 is associated with display ADISPLAY_ID_NONE.
01-26 10:10:55.672   520   837 W InputReader: Device virtio_input_multi_touch_5 is associated with display ADISPLAY_ID_NONE.
01-26 10:10:55.672   520   837 W InputReader: Device virtio_input_multi_touch_2 is associated with display ADISPLAY_ID_NONE.
01-26 10:10:55.673   520   837 W InputReader: Device virtio_input_multi_touch_7 is associated with display ADISPLAY_ID_NONE.
01-26 10:10:55.673   520   837 W InputReader: Device virtio_input_multi_touch_6 is associated with display ADISPLAY_ID_NONE.
01-26 10:10:55.673   520   837 W InputReader: Device virtio_input_multi_touch_3 is associated with display ADISPLAY_ID_NONE.
01-26 10:10:55.673   520   837 W InputReader: Device virtio_input_multi_touch_8 is associated with display ADISPLAY_ID_NONE.
01-26 10:10:55.673   520   837 W InputReader: Device virtio_input_multi_touch_9 is associated with display ADISPLAY_ID_NONE.
01-26 10:10:55.673   520   837 W InputReader: Device virtio_input_multi_touch_10 is associated with display ADISPLAY_ID_NONE.
01-26 10:10:55.673   520   837 W InputReader: Device virtio_input_multi_touch_4 is associated with display ADISPLAY_ID_NONE.
01-26 10:10:55.673   520   837 W InputReader: Device virtio_input_multi_touch_11 is associated with display ADISPLAY_ID_NONE.
01-26 10:10:55.673   520   837 W InputReader: Device virtio_input_multi_touch_5 is associated with display ADISPLAY_ID_NONE.
01-26 10:10:55.673   520   837 W InputReader: Device virtio_input_multi_touch_2 is associated with display ADISPLAY_ID_NONE.
01-26 10:10:55.673   520   837 W InputReader: Device virtio_input_multi_touch_7 is associated with display ADISPLAY_ID_NONE.
01-26 10:10:55.673   520   837 W InputReader: Device virtio_input_multi_touch_6 is associated with display ADISPLAY_ID_NONE.
01-26 10:10:55.673   520   837 W InputReader: Device virtio_input_multi_touch_3 is associated with display ADISPLAY_ID_NONE.
01-26 10:10:55.673   520   837 W InputReader: Device virtio_input_multi_touch_8 is associated with display ADISPLAY_ID_NONE.
01-26 10:10:55.693   312   347 D goldfish-address-space: claimShared: Ask to claim region [0x3f1c2f000 0x3f2594000]
01-26 10:10:55.712   520  1419 W InputReader: Device virtio_input_multi_touch_9 is associated with display ADISPLAY_ID_NONE.
01-26 10:10:55.712   520  1419 W InputReader: Device virtio_input_multi_touch_10 is associated with display ADISPLAY_ID_NONE.
01-26 10:10:55.712   520  1419 W InputReader: Device virtio_input_multi_touch_4 is associated with display ADISPLAY_ID_NONE.
01-26 10:10:55.712   520  1419 W InputReader: Device virtio_input_multi_touch_11 is associated with display ADISPLAY_ID_NONE.
01-26 10:10:55.712   520  1419 W InputReader: Device virtio_input_multi_touch_5 is associated with display ADISPLAY_ID_NONE.
01-26 10:10:55.712   520  1419 W InputReader: Device virtio_input_multi_touch_2 is associated with display ADISPLAY_ID_NONE.
01-26 10:10:55.712   520  1419 W InputReader: Device virtio_input_multi_touch_7 is associated with display ADISPLAY_ID_NONE.
01-26 10:10:55.712   520  1419 W InputReader: Device virtio_input_multi_touch_6 is associated with display ADISPLAY_ID_NONE.
01-26 10:10:55.712   520  1419 W InputReader: Device virtio_input_multi_touch_3 is associated with display ADISPLAY_ID_NONE.
01-26 10:10:55.712   520  1419 W InputReader: Device virtio_input_multi_touch_8 is associated with display ADISPLAY_ID_NONE.
01-26 10:10:55.712   520  1419 W InputReader: Device virtio_input_multi_touch_9 is associated with display ADISPLAY_ID_NONE.
01-26 10:10:55.713   520  1419 W InputReader: Device virtio_input_multi_touch_10 is associated with display ADISPLAY_ID_NONE.
01-26 10:10:55.713   520  1419 W InputReader: Device virtio_input_multi_touch_4 is associated with display ADISPLAY_ID_NONE.
01-26 10:10:55.714   520  1419 W InputReader: Device virtio_input_multi_touch_11 is associated with display ADISPLAY_ID_NONE.
01-26 10:10:55.714   520  1419 W InputReader: Device virtio_input_multi_touch_5 is associated with display ADISPLAY_ID_NONE.
01-26 10:10:55.714   520  1419 W InputReader: Device virtio_input_multi_touch_2 is associated with display ADISPLAY_ID_NONE.
01-26 10:10:55.714   520  1419 W InputReader: Device virtio_input_multi_touch_7 is associated with display ADISPLAY_ID_NONE.
01-26 10:10:55.714   520  1419 W InputReader: Device virtio_input_multi_touch_6 is associated with display ADISPLAY_ID_NONE.
01-26 10:10:55.714   520  1419 W InputReader: Device virtio_input_multi_touch_3 is associated with display ADISPLAY_ID_NONE.
01-26 10:10:55.714   520  1419 W InputReader: Device virtio_input_multi_touch_8 is associated with display ADISPLAY_ID_NONE.
01-26 10:10:55.723 26691 26691 D LifecycleMonitor: Lifecycle status change: com.example.lemonade.MainActivity@11a5056 in: PRE_ON_CREATE
01-26 10:10:55.723 26691 26691 V ActivityScenario: Activity lifecycle changed event received but ignored because the reported transition was not ON_CREATE while the last known transition was DESTROYED
01-26 10:10:55.723 26691 26691 I chatty  : uid=10158(com.example.lemonade) identical 1 line
01-26 10:10:55.723 26691 26691 V ActivityScenario: Activity lifecycle changed event received but ignored because the reported transition was not ON_CREATE while the last known transition was DESTROYED
01-26 10:10:55.723 26691 26691 V ActivityScenario: Activity lifecycle changed event received but ignored because the reported transition was not ON_CREATE while the last known transition was PRE_ON_CREATE
01-26 10:10:55.766   312   347 D goldfish-address-space: claimShared: Ask to claim region [0x3f0000000 0x3f0965000]
01-26 10:10:55.778  1655 25125 I PBSessionCacheImpl: (REDACTED) Deleted sessionId[%d] from persistence.
01-26 10:10:55.784 26691 26691 D LifecycleMonitor: Lifecycle status change: com.example.lemonade.MainActivity@11a5056 in: CREATED
01-26 10:10:55.784 26691 26691 V ActivityScenario: Update currentActivityStage to CREATED, currentActivity=com.example.lemonade.MainActivity@11a5056
01-26 10:10:55.787 26691 26691 I chatty  : uid=10158(com.example.lemonade) identical 2 lines
01-26 10:10:55.787 26691 26691 V ActivityScenario: Update currentActivityStage to CREATED, currentActivity=com.example.lemonade.MainActivity@11a5056
01-26 10:10:55.795 26691 26691 D LifecycleMonitor: Lifecycle status change: com.example.lemonade.MainActivity@11a5056 in: STARTED
01-26 10:10:55.796 26691 26691 V ActivityScenario: Update currentActivityStage to STARTED, currentActivity=com.example.lemonade.MainActivity@11a5056
01-26 10:10:55.796 26691 26691 I chatty  : uid=10158(com.example.lemonade) identical 2 lines
01-26 10:10:55.796 26691 26691 V ActivityScenario: Update currentActivityStage to STARTED, currentActivity=com.example.lemonade.MainActivity@11a5056
01-26 10:10:55.797 26691 26691 D LifecycleMonitor: Lifecycle status change: com.example.lemonade.MainActivity@11a5056 in: RESUMED
01-26 10:10:55.798 26691 26691 V ActivityScenario: Update currentActivityStage to RESUMED, currentActivity=com.example.lemonade.MainActivity@11a5056
01-26 10:10:55.798 26691 26691 I chatty  : uid=10158(com.example.lemonade) identical 2 lines
01-26 10:10:55.798 26691 26691 V ActivityScenario: Update currentActivityStage to RESUMED, currentActivity=com.example.lemonade.MainActivity@11a5056
01-26 10:10:55.801  1655  1914 W SearchServiceCore: Abort, client detached.
01-26 10:10:55.838   312   347 D goldfish-address-space: claimShared: Ask to claim region [0x3f2b97000 0x3f34fc000]
01-26 10:10:55.845   312   347 D goldfish-address-space: claimShared: Ask to claim region [0x3f0965000 0x3f12ca000]
01-26 10:10:55.848   312   347 D goldfish-address-space: claimShared: Ask to claim region [0x3f12ca000 0x3f1c2f000]
01-26 10:10:55.857   520   545 D ArtManagerInternalImpl: /data/misc/iorapd/com.example.lemonade/1/com.example.lemonade.MainActivity/compiled_traces/compiled_trace.pb doesn't exist
01-26 10:10:55.858   520   545 I ActivityTaskManager: Displayed com.example.lemonade/.MainActivity: +203ms
01-26 10:10:55.859   520   538 D EventSequenceValidator: dec AccIntentStartedEvents to 2
01-26 10:10:55.873 26691 26691 D RootViewPicker: Root not ready - waiting: 10ms for one to appear.
01-26 10:10:55.880  1234  1234 I GoogleInputMethodService: GoogleInputMethodService.onFinishInput():3227
01-26 10:10:55.881  1234  1234 I GoogleInputMethodService: GoogleInputMethodService.updateDeviceLockedStatus():2087 repeatCheckTimes = 0, unlocked = true
01-26 10:10:55.881  1234  1234 I GoogleInputMethodService: GoogleInputMethodService.onStartInput():1877 onStartInput(EditorInfo{inputType=0x0(NULL) imeOptions=0x0 privateImeOptions=null actionName=UNSPECIFIED actionLabel=null actionId=0 initialSelStart=-1 initialSelEnd=-1 initialCapsMode=0x0 hintText=null label=null packageName=com.example.lemonade fieldId=-1 fieldName=null extras=null}, false)
01-26 10:10:55.881  1234  1234 I GoogleInputMethodService: GoogleInputMethodService.shouldHideHeaderOnInitialState():4008 ShouldHideHeaderOnInitialState = false
01-26 10:10:55.882  1234  1234 I GoogleInputMethodService: GoogleInputMethodService.updateDeviceLockedStatus():2087 repeatCheckTimes = 2, unlocked = true
01-26 10:10:55.888 26691 26691 I ViewInteraction: Performing 'single click' action on view view.getId() is <2131230939/com.example.lemonade:id/image_lemon_state>
01-26 10:10:55.935   520   837 I system_server: oneway function results will be dropped but finished with status OK and parcel size 4
01-26 10:10:56.063   520   837 I system_server: oneway function results will be dropped but finished with status OK and parcel size 4
01-26 10:10:56.178 26691 26691 I ViewInteraction: Checking 'MatchesViewAssertion{viewMatcher=(view has effective visibility <VISIBLE> and view.getGlobalVisibleRect() to return non-empty rectangle)}' assertion on view has drawable resource 2131165325
01-26 10:10:56.184 26691 26691 I ViewInteraction: Performing 'single click' action on view view.getId() is <2131230939/com.example.lemonade:id/image_lemon_state>
01-26 10:10:56.240   520  1419 I system_server: oneway function results will be dropped but finished with status OK and parcel size 4
01-26 10:10:56.373   520  1419 I system_server: oneway function results will be dropped but finished with status OK and parcel size 4
01-26 10:10:56.469 26691 26691 I ViewInteraction: Checking 'MatchesViewAssertion{viewMatcher=(view has effective visibility <VISIBLE> and view.getGlobalVisibleRect() to return non-empty rectangle)}' assertion on view has drawable resource 2131165325
01-26 10:10:56.470 26691 26691 I ViewInteraction: Performing 'single click' action on view view.getId() is <2131230939/com.example.lemonade:id/image_lemon_state>
01-26 10:10:56.529   520   534 I system_server: oneway function results will be dropped but finished with status OK and parcel size 4
01-26 10:10:56.662   520   534 I system_server: oneway function results will be dropped but finished with status OK and parcel size 4
01-26 10:10:56.757 26691 26691 I ViewInteraction: Checking 'MatchesViewAssertion{viewMatcher=(view has effective visibility <VISIBLE> and view.getGlobalVisibleRect() to return non-empty rectangle)}' assertion on view has drawable resource 2131165325
01-26 10:10:56.760 26691 26691 I ViewInteraction: Performing 'single click' action on view view.getId() is <2131230939/com.example.lemonade:id/image_lemon_state>
01-26 10:10:56.816   520  1419 I system_server: oneway function results will be dropped but finished with status OK and parcel size 4
01-26 10:10:56.948   520  1419 I system_server: oneway function results will be dropped but finished with status OK and parcel size 4
01-26 10:10:57.050 26691 26691 I ViewInteraction: Checking 'MatchesViewAssertion{viewMatcher=(view has effective visibility <VISIBLE> and view.getGlobalVisibleRect() to return non-empty rectangle)}' assertion on view has drawable resource 2131165325
01-26 10:10:57.055 26691 26691 I ViewInteraction: Performing 'single click' action on view view.getId() is <2131230939/com.example.lemonade:id/image_lemon_state>
01-26 10:10:57.104   520  1419 I system_server: oneway function results will be dropped but finished with status OK and parcel size 4
01-26 10:10:57.238   520  1419 I system_server: oneway function results will be dropped but finished with status OK and parcel size 4
01-26 10:10:57.349 26691 26691 I ViewInteraction: Checking 'MatchesViewAssertion{viewMatcher=(view has effective visibility <VISIBLE> and view.getGlobalVisibleRect() to return non-empty rectangle)}' assertion on view has drawable resource 2131165325
01-26 10:10:57.349 26691 26691 E ViewAssertions: '(view has effective visibility <VISIBLE> and view.getGlobalVisibleRect() to return non-empty rectangle)' check could not be performed because view 'has drawable resource 2131165325' was not found.
01-26 10:10:57.352 26691 26691 I ViewInteraction: Performing 'single click' action on view view.getId() is <2131230939/com.example.lemonade:id/image_lemon_state>
01-26 10:10:57.397   520   534 I system_server: oneway function results will be dropped but finished with status OK and parcel size 4
01-26 10:10:57.526   520   534 I system_server: oneway function results will be dropped but finished with status OK and parcel size 4
01-26 10:10:57.631 26691 26691 I ViewInteraction: Performing 'single click' action on view view.getId() is <2131230939/com.example.lemonade:id/image_lemon_state>
01-26 10:10:57.692   520   534 I system_server: oneway function results will be dropped but finished with status OK and parcel size 4
01-26 10:10:57.818   520   534 I system_server: oneway function results will be dropped but finished with status OK and parcel size 4
01-26 10:10:57.925 26691 26691 I ViewInteraction: Checking 'MatchesViewAssertion{viewMatcher=an instance of android.widget.TextView and view.getText() equals string from resource id: <2131689522>}' assertion on view view.getId() is <2131231150/com.example.lemonade:id/text_action>
01-26 10:10:57.930 26691 26691 I ViewInteraction: Checking 'MatchesViewAssertion{viewMatcher=has drawable resource 2131165326}' assertion on view view.getId() is <2131230939/com.example.lemonade:id/image_lemon_state>
01-26 10:10:57.973 26691 26715 I TestRunner: finished: test_restarting_proceeds_to_pick_lemon_state(com.example.lemonade.LemonadeTests)
